
     Program DOS v.7.6 starts on 26Sep2026 at  2:49:48 

     This program is part of the open-source Quantum ESPRESSO suite
     for quantum simulation of materials; please cite
         "P. Giannozzi et al., J. Phys.:Condens. Matter 21 395502 (2009);
         "P. Giannozzi et al., J. Phys.:Condens. Matter 29 465901 (2017);
         "P. Giannozzi et al., J. Chem. Phys. 152 154105 (2020);
          URL http://www.quantum-espresso.org", 
     in publications or presentations arising from this work. More details at
     http://www.quantum-espresso.org/quote

     Parallel version (MPI), running on     1 processors

     MPI processes distributed on     1 nodes
     0 MiB available memory on the printing compute node when the environment starts


     Reading xml data from directory:

     /Users/zhy/Aluminum-from-First-Principles/qe-out/a5-bands/aluminum_a5_bands.save/

     IMPORTANT: XC functional enforced from input :
     Exchange-correlation= PBE
                           (   1   4   3   4   0   0   0)
     Any further DFT definition will be discarded
     Please, verify this is what you really want


     G-vector sticks info
     --------------------
     sticks:   dense  smooth     PW     G-vecs:    dense   smooth      PW
     Sum         559     283     97                 8657     3119     645

     Using Slab Decomposition


     Tetrahedra used


     DOS          :   1m 5.82s CPU   1m 7.01s WALL


   This run was terminated on:   2:50:55  26Sep2026            

=------------------------------------------------------------------------------=
   JOB DONE.
=------------------------------------------------------------------------------=
Note: The following floating-point exceptions are signalling: IEEE_OVERFLOW_FLAG
